// Vitest Snapshot v1, https://vitest.dev/guide/snapshot.html

exports[`AdminReviews > Snapshot > matches stable snapshot after data loads 1`] = `
<DocumentFragment>
  <div
    class="space-y-5"
  >
    <div>
      <h1
        class="text-2xl font-bold text-gray-800"
      >
        Reviews
      </h1>
      <p
        class="text-sm text-gray-500"
      >
        3 total reviews
      </p>
    </div>
    <div
      data-testid="data-table"
    >
      <div
        data-testid="dt-filters"
      >
        <select
          class="px-3 py-2 border border-gray-200 rounded-lg bg-white text-sm focus:outline-none"
        >
          <option
            value=""
          >
            All Ratings
          </option>
          <option
            value="5"
          >
            5 Stars
          </option>
          <option
            value="4"
          >
            4 Stars
          </option>
          <option
            value="3"
          >
            3 Stars
          </option>
          <option
            value="2"
          >
            2 Stars
          </option>
          <option
            value="1"
          >
            1 Star
          </option>
        </select>
      </div>
      <input
        data-testid="dt-search"
        placeholder="Search by reviewer, product…"
        value=""
      />
      <button
        data-testid="dt-sort"
      >
        sort
      </button>
      <button
        data-testid="dt-next-page"
      >
        next
      </button>
      <span
        data-testid="dt-total"
      >
        3
      </span>
      <div
        data-testid="dt-row-0"
      >
        <div
          data-testid="cell-product_name"
        >
          <span
            class="font-medium text-gray-800 text-sm max-w-[180px] truncate block"
          >
            Product 1
          </span>
        </div>
        <div
          data-testid="cell-name"
        >
          <div
            class="flex items-center gap-2"
          >
            <div
              class="w-7 h-7 rounded-full bg-teal-100 flex items-center justify-center flex-shrink-0"
            >
              <span
                class="text-teal-700 text-xs font-bold"
              >
                R
              </span>
            </div>
            <span
              class="text-sm text-gray-700"
            >
              Reviewer 1
            </span>
          </div>
        </div>
        <div
          data-testid="cell-rating"
        >
          <span
            class="inline-flex items-center gap-1 text-xs font-semibold px-2 py-0.5 rounded-full bg-green-100 text-green-700"
          >
            <i
              class="bi bi-star-fill text-[10px]"
            />
            5
          </span>
        </div>
        <div
          data-testid="cell-headline"
        >
          <div>
            <p
              class="text-sm font-medium text-gray-800 truncate max-w-[200px]"
            >
              Headline 1
            </p>
            <p
              class="text-xs text-gray-500 truncate max-w-[200px]"
            >
              Comment body 1
            </p>
          </div>
        </div>
        <div
          data-testid="cell-created_at"
        >
          <span
            class="text-xs text-gray-500"
          >
            Jun 1, 2024
          </span>
        </div>
        <div
          data-testid="row-actions"
        >
          <button
            class="px-2.5 py-1.5 bg-teal-600 text-white rounded-lg text-xs border border-teal-600 hover:bg-teal-700 transition"
            title="View"
          >
            <i
              class="bi bi-eye"
            />
          </button>
          <button
            class="px-2.5 py-1.5 border border-red-200 text-red-600 rounded-lg text-xs hover:bg-red-50 transition"
            title="Delete"
          >
            <i
              class="bi bi-trash"
            />
          </button>
        </div>
      </div>
      <div
        data-testid="dt-row-1"
      >
        <div
          data-testid="cell-product_name"
        >
          <span
            class="font-medium text-gray-800 text-sm max-w-[180px] truncate block"
          >
            Product 2
          </span>
        </div>
        <div
          data-testid="cell-name"
        >
          <div
            class="flex items-center gap-2"
          >
            <div
              class="w-7 h-7 rounded-full bg-teal-100 flex items-center justify-center flex-shrink-0"
            >
              <span
                class="text-teal-700 text-xs font-bold"
              >
                R
              </span>
            </div>
            <span
              class="text-sm text-gray-700"
            >
              Reviewer 2
            </span>
          </div>
        </div>
        <div
          data-testid="cell-rating"
        >
          <span
            class="inline-flex items-center gap-1 text-xs font-semibold px-2 py-0.5 rounded-full bg-green-100 text-green-700"
          >
            <i
              class="bi bi-star-fill text-[10px]"
            />
            5
          </span>
        </div>
        <div
          data-testid="cell-headline"
        >
          <div>
            <p
              class="text-sm font-medium text-gray-800 truncate max-w-[200px]"
            >
              Headline 2
            </p>
            <p
              class="text-xs text-gray-500 truncate max-w-[200px]"
            >
              Comment body 2
            </p>
          </div>
        </div>
        <div
          data-testid="cell-created_at"
        >
          <span
            class="text-xs text-gray-500"
          >
            Jun 1, 2024
          </span>
        </div>
        <div
          data-testid="row-actions"
        >
          <button
            class="px-2.5 py-1.5 bg-teal-600 text-white rounded-lg text-xs border border-teal-600 hover:bg-teal-700 transition"
            title="View"
          >
            <i
              class="bi bi-eye"
            />
          </button>
          <button
            class="px-2.5 py-1.5 border border-red-200 text-red-600 rounded-lg text-xs hover:bg-red-50 transition"
            title="Delete"
          >
            <i
              class="bi bi-trash"
            />
          </button>
        </div>
      </div>
      <div
        data-testid="dt-row-2"
      >
        <div
          data-testid="cell-product_name"
        >
          <span
            class="font-medium text-gray-800 text-sm max-w-[180px] truncate block"
          >
            Product 3
          </span>
        </div>
        <div
          data-testid="cell-name"
        >
          <div
            class="flex items-center gap-2"
          >
            <div
              class="w-7 h-7 rounded-full bg-teal-100 flex items-center justify-center flex-shrink-0"
            >
              <span
                class="text-teal-700 text-xs font-bold"
              >
                R
              </span>
            </div>
            <span
              class="text-sm text-gray-700"
            >
              Reviewer 3
            </span>
          </div>
        </div>
        <div
          data-testid="cell-rating"
        >
          <span
            class="inline-flex items-center gap-1 text-xs font-semibold px-2 py-0.5 rounded-full bg-green-100 text-green-700"
          >
            <i
              class="bi bi-star-fill text-[10px]"
            />
            5
          </span>
        </div>
        <div
          data-testid="cell-headline"
        >
          <div>
            <p
              class="text-sm font-medium text-gray-800 truncate max-w-[200px]"
            >
              Headline 3
            </p>
            <p
              class="text-xs text-gray-500 truncate max-w-[200px]"
            >
              Comment body 3
            </p>
          </div>
        </div>
        <div
          data-testid="cell-created_at"
        >
          <span
            class="text-xs text-gray-500"
          >
            Jun 1, 2024
          </span>
        </div>
        <div
          data-testid="row-actions"
        >
          <button
            class="px-2.5 py-1.5 bg-teal-600 text-white rounded-lg text-xs border border-teal-600 hover:bg-teal-700 transition"
            title="View"
          >
            <i
              class="bi bi-eye"
            />
          </button>
          <button
            class="px-2.5 py-1.5 border border-red-200 text-red-600 rounded-lg text-xs hover:bg-red-50 transition"
            title="Delete"
          >
            <i
              class="bi bi-trash"
            />
          </button>
        </div>
      </div>
    </div>
  </div>
</DocumentFragment>
`;
